// Jest Snapshot v1, https://goo.gl/fbAQLP

exports[`Person should match the snapshot if the card's cohort prop is staff 1`] = `ShallowWrapper {}`;

exports[`Person should match the snapshot if the card's cohort prop is student 1`] = `ShallowWrapper {}`;

exports[`Person should match the snapshot with all data passed in correctly 1`] = `ShallowWrapper {}`;
